// Jest Snapshot v1, https://goo.gl/fbAQLP

exports[`renders nothing given empty text 1`] = `<DocumentFragment />`;
