// Jest Snapshot v1, https://goo.gl/fbAQLP

exports[`renders a card containing the character in a rice grid 1`] = `
<DocumentFragment>
  <div
    class="hanzi-card card"
  >
    <div
      class="card-body"
    >
      <div
        class="card-title h5"
      >
        1
      </div>
      <div
        class="card-title h5"
      >
        è²“
      </div>
      <div
        class="container"
      >
        <div
          class="justify-content-md-center row"
        >
          <div
            class="col-lg-4 col-md-12"
          >
            <div
              class="hanzi-animation"
            >
              <svg
                height="300"
                id="hanzi-grid-0-35987"
                width="300"
                xmlns="http://www.w3.org/2000/svg"
              >
                <line
                  class="rice-grid-guide"
                  data-testid="rice-grid-guide-nw-se"
                  x1="0"
                  x2="300"
                  y1="0"
                  y2="300"
                />
                <line
                  class="rice-grid-guide"
                  data-testid="rice-grid-guide-ne-sw"
                  x1="300"
                  x2="0"
                  y1="0"
                  y2="300"
                />
                <line
                  class="rice-grid-guide"
                  data-testid="rice-grid-guide-nn-ss"
                  x1="150"
                  x2="150"
                  y1="0"
                  y2="300"
                />
                <line
                  class="rice-grid-guide"
                  data-testid="rice-grid-guide-ww-ee"
                  x1="0"
                  x2="300"
                  y1="150"
                  y2="150"
                />
                <line
                  class="rice-grid-border"
                  data-testid="rice-grid-border-nw-ne"
                  x1="0"
                  x2="300"
                  y1="0"
                  y2="0"
                />
                <line
                  class="rice-grid-border"
                  data-testid="rice-grid-border-nw-sw"
                  x1="0"
                  x2="0"
                  y1="0"
                  y2="300"
                />
                <line
                  class="rice-grid-border"
                  data-testid="rice-grid-border-ne-se"
                  x1="300"
                  x2="300"
                  y1="0"
                  y2="300"
                />
                <line
                  class="rice-grid-border"
                  data-testid="rice-grid-border-sw-se"
                  x1="0"
                  x2="300"
                  y1="300"
                  y2="300"
                />
                <defs />
              </svg>
            </div>
          </div>
          <div
            class="col-lg-8 col-md-12"
          >
            <div
              class="d-xl-none d-lg-none"
            >
              <br />
            </div>
            <div
              class="hanzi-steps"
              id="hanzi-steps-0-35987"
            />
          </div>
        </div>
      </div>
      <br />
      <br />
      <br />
    </div>
  </div>
</DocumentFragment>
`;
