// Jest Snapshot v1, https://goo.gl/fbAQLP

exports[`renders an empty rice grid for a non-Hanzi character 1`] = `Object {}`;

exports[`renders an empty rice grid for a non-Hanzi character 2`] = `
<DocumentFragment>
  <svg
    height="300"
    id="test"
    width="300"
    xmlns="http://www.w3.org/2000/svg"
  >
    <line
      class="guideLine"
      data-testid="rice-grid-guide-nw-se"
      x1="0"
      x2="300"
      y1="0"
      y2="300"
    />
    <line
      class="guideLine"
      data-testid="rice-grid-guide-ne-sw"
      x1="300"
      x2="0"
      y1="0"
      y2="300"
    />
    <line
      class="guideLine"
      data-testid="rice-grid-guide-nn-ss"
      x1="150"
      x2="150"
      y1="0"
      y2="300"
    />
    <line
      class="guideLine"
      data-testid="rice-grid-guide-ww-ee"
      x1="0"
      x2="300"
      y1="150"
      y2="150"
    />
    <line
      class="borderLine"
      data-testid="rice-grid-border-nw-ne"
      x1="0"
      x2="300"
      y1="0"
      y2="0"
    />
    <line
      class="borderLine"
      data-testid="rice-grid-border-nw-sw"
      x1="0"
      x2="0"
      y1="0"
      y2="300"
    />
    <line
      class="borderLine"
      data-testid="rice-grid-border-ne-se"
      x1="300"
      x2="300"
      y1="0"
      y2="300"
    />
    <line
      class="borderLine"
      data-testid="rice-grid-border-sw-se"
      x1="0"
      x2="300"
      y1="300"
      y2="300"
    />
  </svg>
</DocumentFragment>
`;

exports[`renders the Hanzi strokes for a Hanzi character 1`] = `
<DocumentFragment>
  <svg
    height="300"
    id="test"
    width="300"
    xmlns="http://www.w3.org/2000/svg"
  >
    <line
      class="guideLine"
      data-testid="rice-grid-guide-nw-se"
      x1="0"
      x2="300"
      y1="0"
      y2="300"
    />
    <line
      class="guideLine"
      data-testid="rice-grid-guide-ne-sw"
      x1="300"
      x2="0"
      y1="0"
      y2="300"
    />
    <line
      class="guideLine"
      data-testid="rice-grid-guide-nn-ss"
      x1="150"
      x2="150"
      y1="0"
      y2="300"
    />
    <line
      class="guideLine"
      data-testid="rice-grid-guide-ww-ee"
      x1="0"
      x2="300"
      y1="150"
      y2="150"
    />
    <line
      class="borderLine"
      data-testid="rice-grid-border-nw-ne"
      x1="0"
      x2="300"
      y1="0"
      y2="0"
    />
    <line
      class="borderLine"
      data-testid="rice-grid-border-nw-sw"
      x1="0"
      x2="0"
      y1="0"
      y2="300"
    />
    <line
      class="borderLine"
      data-testid="rice-grid-border-ne-se"
      x1="300"
      x2="300"
      y1="0"
      y2="300"
    />
    <line
      class="borderLine"
      data-testid="rice-grid-border-sw-se"
      x1="0"
      x2="300"
      y1="300"
      y2="300"
    />
    <defs>
      <clippath
        id="mask-1"
      >
        <path
          d="M 285 759 Q 246 708 139 631 Q 135 622 142 620 Q 145 621 155 626 Q 230 653 311 712 Q 348 736 383 750 Q 398 754 400 761 Q 401 771 389 780 Q 367 790 324 798 Q 308 802 297 798 Q 291 794 292 784 Q 295 771 285 759 Z"
        />
      </clippath>
      <clippath
        id="mask-2"
      >
        <path
          d="M 128 546 Q 138 530 149 509 Q 156 496 170 493 Q 179 492 185 501 Q 192 511 191 537 Q 188 558 133 585 Q 123 591 116 590 Q 112 589 110 578 Q 111 568 128 546 Z"
        />
      </clippath>
      <clippath
        id="mask-3"
      >
        <path
          d="M 227 632 Q 263 572 280 568 Q 290 565 298 579 Q 301 589 296 608 Q 281 639 235 653 Q 228 656 225 647 Q 222 640 227 632 Z"
        />
      </clippath>
      <clippath
        id="mask-4"
      >
        <path
          d="M 243 466 Q 259 479 279 492 Q 385 570 407 590 Q 423 603 438 609 Q 451 613 453 621 Q 452 628 442 635 Q 417 656 392 663 Q 377 667 369 653 Q 336 569 117 420 Q 84 402 86 397 Q 86 394 93 395 Q 138 402 218 450 L 243 466 Z"
        />
      </clippath>
      <clippath
        id="mask-5"
      >
        <path
          d="M 331 301 Q 352 223 319 116 Q 306 79 295 76 Q 286 72 212 82 Q 197 88 196 80 Q 195 73 206 60 Q 255 14 276 -18 Q 288 -37 303 -33 Q 322 -30 340 -5 Q 383 64 389 200 Q 380 297 363 335 Q 332 399 275 444 Q 256 460 243 466 C 217 481 195 470 218 450 Q 225 444 234 436 L 273 400 Q 288 384 300 365 L 331 301 Z"
        />
      </clippath>
      <clippath
        id="mask-6"
      >
        <path
          d="M 234 436 Q 216 372 71 261 Q 56 251 75 252 Q 138 256 239 363 Q 240 366 243 367 Q 262 388 273 400 C 293 422 244 464 234 436 Z"
        />
      </clippath>
      <clippath
        id="mask-7"
      >
        <path
          d="M 300 365 Q 249 239 79 104 Q 66 91 76 89 Q 97 80 165 125 Q 246 176 330 300 Q 330 301 331 301 C 349 325 312 393 300 365 Z"
        />
      </clippath>
      <clippath
        id="mask-8"
      >
        <path
          d="M 582 561 Q 581 610 580 650 Q 583 669 563 676 Q 526 700 502 692 Q 484 685 498 664 Q 531 615 538 562 Q 538 558 539 552 L 543 519 Q 546 456 564 436 Q 577 424 582 436 Q 586 451 583 533 L 582 561 Z"
        />
      </clippath>
      <clippath
        id="mask-9"
      >
        <path
          d="M 583 533 Q 590 537 601 540 Q 614 543 628 552 Q 634 556 632 563 Q 629 567 618 570 Q 602 567 582 561 L 539 552 Q 494 545 441 532 Q 410 531 393 528 Q 383 528 382 524 Q 381 517 387 509 Q 400 497 425 489 Q 441 482 456 487 Q 498 503 543 519 L 583 533 Z"
        />
      </clippath>
      <clippath
        id="mask-10"
      >
        <path
          d="M 755 595 Q 782 677 815 734 Q 831 750 819 762 Q 806 781 768 800 Q 749 810 730 801 Q 720 794 728 782 Q 740 748 733 709 Q 715 618 668 489 Q 659 464 660 447 Q 663 432 678 441 Q 699 459 742 563 L 755 595 Z"
        />
      </clippath>
      <clippath
        id="mask-11"
      >
        <path
          d="M 742 563 Q 760 560 837 567 Q 885 570 922 566 Q 935 565 940 573 Q 944 583 932 595 Q 890 629 808 606 Q 783 602 755 595 C 726 588 712 566 742 563 Z"
        />
      </clippath>
      <clippath
        id="mask-12"
      >
        <path
          d="M 480 341 Q 470 348 442 353 Q 430 357 427 352 Q 420 348 428 331 Q 458 249 469 119 Q 470 79 489 52 Q 505 30 511 45 Q 514 52 515 62 L 517 96 Q 516 112 514 130 Q 496 263 492 307 C 489 336 489 336 480 341 Z"
        />
      </clippath>
      <clippath
        id="mask-13"
      >
        <path
          d="M 735 84 Q 747 56 775 1 Q 784 -18 795 -16 Q 811 -12 821 15 Q 849 72 852 148 Q 858 194 862 250 Q 868 298 891 327 Q 907 346 896 360 Q 875 382 829 403 Q 810 413 778 403 Q 661 360 480 341 C 450 338 462 302 492 307 Q 495 307 600 328 L 640 336 Q 775 364 791 350 Q 800 346 799 324 Q 800 221 784 121 Q 783 103 775 102 Q 774 101 768 102 C 745 83 732 90 735 84 Z"
        />
      </clippath>
      <clippath
        id="mask-14"
      >
        <path
          d="M 660 211 Q 694 218 726 222 Q 751 226 741 240 Q 729 255 703 259 Q 687 262 661 255 L 612 240 Q 575 228 543 218 Q 525 214 548 199 Q 557 192 575 196 Q 594 200 613 202 L 660 211 Z"
        />
      </clippath>
      <clippath
        id="mask-15"
      >
        <path
          d="M 657 118 Q 658 167 660 211 L 661 255 Q 661 274 663 294 Q 669 315 640 336 C 616 354 592 357 600 328 Q 609 300 612 240 L 613 202 Q 613 165 615 110 C 616 80 656 88 657 118 Z"
        />
      </clippath>
      <clippath
        id="mask-16"
      >
        <path
          d="M 515 62 Q 522 61 531 62 Q 597 75 735 84 C 765 86 781 87 768 102 Q 762 111 742 124 Q 724 134 657 118 L 615 110 Q 563 103 517 96 C 487 92 485 64 515 62 Z"
        />
      </clippath>
      <clippath
        id="mask-17"
      >
        <path
          d="M 285 759 Q 246 708 139 631 Q 135 622 142 620 Q 145 621 155 626 Q 230 653 311 712 Q 348 736 383 750 Q 398 754 400 761 Q 401 771 389 780 Q 367 790 324 798 Q 308 802 297 798 Q 291 794 292 784 Q 295 771 285 759 Z"
        />
      </clippath>
      <clippath
        id="mask-18"
      >
        <path
          d="M 128 546 Q 138 530 149 509 Q 156 496 170 493 Q 179 492 185 501 Q 192 511 191 537 Q 188 558 133 585 Q 123 591 116 590 Q 112 589 110 578 Q 111 568 128 546 Z"
        />
      </clippath>
      <clippath
        id="mask-19"
      >
        <path
          d="M 227 632 Q 263 572 280 568 Q 290 565 298 579 Q 301 589 296 608 Q 281 639 235 653 Q 228 656 225 647 Q 222 640 227 632 Z"
        />
      </clippath>
      <clippath
        id="mask-20"
      >
        <path
          d="M 243 466 Q 259 479 279 492 Q 385 570 407 590 Q 423 603 438 609 Q 451 613 453 621 Q 452 628 442 635 Q 417 656 392 663 Q 377 667 369 653 Q 336 569 117 420 Q 84 402 86 397 Q 86 394 93 395 Q 138 402 218 450 L 243 466 Z"
        />
      </clippath>
      <clippath
        id="mask-21"
      >
        <path
          d="M 331 301 Q 352 223 319 116 Q 306 79 295 76 Q 286 72 212 82 Q 197 88 196 80 Q 195 73 206 60 Q 255 14 276 -18 Q 288 -37 303 -33 Q 322 -30 340 -5 Q 383 64 389 200 Q 380 297 363 335 Q 332 399 275 444 Q 256 460 243 466 C 217 481 195 470 218 450 Q 225 444 234 436 L 273 400 Q 288 384 300 365 L 331 301 Z"
        />
      </clippath>
      <clippath
        id="mask-22"
      >
        <path
          d="M 234 436 Q 216 372 71 261 Q 56 251 75 252 Q 138 256 239 363 Q 240 366 243 367 Q 262 388 273 400 C 293 422 244 464 234 436 Z"
        />
      </clippath>
      <clippath
        id="mask-23"
      >
        <path
          d="M 300 365 Q 249 239 79 104 Q 66 91 76 89 Q 97 80 165 125 Q 246 176 330 300 Q 330 301 331 301 C 349 325 312 393 300 365 Z"
        />
      </clippath>
      <clippath
        id="mask-24"
      >
        <path
          d="M 582 561 Q 581 610 580 650 Q 583 669 563 676 Q 526 700 502 692 Q 484 685 498 664 Q 531 615 538 562 Q 538 558 539 552 L 543 519 Q 546 456 564 436 Q 577 424 582 436 Q 586 451 583 533 L 582 561 Z"
        />
      </clippath>
      <clippath
        id="mask-25"
      >
        <path
          d="M 583 533 Q 590 537 601 540 Q 614 543 628 552 Q 634 556 632 563 Q 629 567 618 570 Q 602 567 582 561 L 539 552 Q 494 545 441 532 Q 410 531 393 528 Q 383 528 382 524 Q 381 517 387 509 Q 400 497 425 489 Q 441 482 456 487 Q 498 503 543 519 L 583 533 Z"
        />
      </clippath>
      <clippath
        id="mask-26"
      >
        <path
          d="M 755 595 Q 782 677 815 734 Q 831 750 819 762 Q 806 781 768 800 Q 749 810 730 801 Q 720 794 728 782 Q 740 748 733 709 Q 715 618 668 489 Q 659 464 660 447 Q 663 432 678 441 Q 699 459 742 563 L 755 595 Z"
        />
      </clippath>
      <clippath
        id="mask-27"
      >
        <path
          d="M 742 563 Q 760 560 837 567 Q 885 570 922 566 Q 935 565 940 573 Q 944 583 932 595 Q 890 629 808 606 Q 783 602 755 595 C 726 588 712 566 742 563 Z"
        />
      </clippath>
      <clippath
        id="mask-28"
      >
        <path
          d="M 480 341 Q 470 348 442 353 Q 430 357 427 352 Q 420 348 428 331 Q 458 249 469 119 Q 470 79 489 52 Q 505 30 511 45 Q 514 52 515 62 L 517 96 Q 516 112 514 130 Q 496 263 492 307 C 489 336 489 336 480 341 Z"
        />
      </clippath>
      <clippath
        id="mask-29"
      >
        <path
          d="M 735 84 Q 747 56 775 1 Q 784 -18 795 -16 Q 811 -12 821 15 Q 849 72 852 148 Q 858 194 862 250 Q 868 298 891 327 Q 907 346 896 360 Q 875 382 829 403 Q 810 413 778 403 Q 661 360 480 341 C 450 338 462 302 492 307 Q 495 307 600 328 L 640 336 Q 775 364 791 350 Q 800 346 799 324 Q 800 221 784 121 Q 783 103 775 102 Q 774 101 768 102 C 745 83 732 90 735 84 Z"
        />
      </clippath>
      <clippath
        id="mask-30"
      >
        <path
          d="M 660 211 Q 694 218 726 222 Q 751 226 741 240 Q 729 255 703 259 Q 687 262 661 255 L 612 240 Q 575 228 543 218 Q 525 214 548 199 Q 557 192 575 196 Q 594 200 613 202 L 660 211 Z"
        />
      </clippath>
      <clippath
        id="mask-31"
      >
        <path
          d="M 657 118 Q 658 167 660 211 L 661 255 Q 661 274 663 294 Q 669 315 640 336 C 616 354 592 357 600 328 Q 609 300 612 240 L 613 202 Q 613 165 615 110 C 616 80 656 88 657 118 Z"
        />
      </clippath>
      <clippath
        id="mask-32"
      >
        <path
          d="M 515 62 Q 522 61 531 62 Q 597 75 735 84 C 765 86 781 87 768 102 Q 762 111 742 124 Q 724 134 657 118 L 615 110 Q 563 103 517 96 C 487 92 485 64 515 62 Z"
        />
      </clippath>
      <clippath
        id="mask-33"
      >
        <path
          d="M 285 759 Q 246 708 139 631 Q 135 622 142 620 Q 145 621 155 626 Q 230 653 311 712 Q 348 736 383 750 Q 398 754 400 761 Q 401 771 389 780 Q 367 790 324 798 Q 308 802 297 798 Q 291 794 292 784 Q 295 771 285 759 Z"
        />
      </clippath>
      <clippath
        id="mask-34"
      >
        <path
          d="M 128 546 Q 138 530 149 509 Q 156 496 170 493 Q 179 492 185 501 Q 192 511 191 537 Q 188 558 133 585 Q 123 591 116 590 Q 112 589 110 578 Q 111 568 128 546 Z"
        />
      </clippath>
      <clippath
        id="mask-35"
      >
        <path
          d="M 227 632 Q 263 572 280 568 Q 290 565 298 579 Q 301 589 296 608 Q 281 639 235 653 Q 228 656 225 647 Q 222 640 227 632 Z"
        />
      </clippath>
      <clippath
        id="mask-36"
      >
        <path
          d="M 243 466 Q 259 479 279 492 Q 385 570 407 590 Q 423 603 438 609 Q 451 613 453 621 Q 452 628 442 635 Q 417 656 392 663 Q 377 667 369 653 Q 336 569 117 420 Q 84 402 86 397 Q 86 394 93 395 Q 138 402 218 450 L 243 466 Z"
        />
      </clippath>
      <clippath
        id="mask-37"
      >
        <path
          d="M 331 301 Q 352 223 319 116 Q 306 79 295 76 Q 286 72 212 82 Q 197 88 196 80 Q 195 73 206 60 Q 255 14 276 -18 Q 288 -37 303 -33 Q 322 -30 340 -5 Q 383 64 389 200 Q 380 297 363 335 Q 332 399 275 444 Q 256 460 243 466 C 217 481 195 470 218 450 Q 225 444 234 436 L 273 400 Q 288 384 300 365 L 331 301 Z"
        />
      </clippath>
      <clippath
        id="mask-38"
      >
        <path
          d="M 234 436 Q 216 372 71 261 Q 56 251 75 252 Q 138 256 239 363 Q 240 366 243 367 Q 262 388 273 400 C 293 422 244 464 234 436 Z"
        />
      </clippath>
      <clippath
        id="mask-39"
      >
        <path
          d="M 300 365 Q 249 239 79 104 Q 66 91 76 89 Q 97 80 165 125 Q 246 176 330 300 Q 330 301 331 301 C 349 325 312 393 300 365 Z"
        />
      </clippath>
      <clippath
        id="mask-40"
      >
        <path
          d="M 582 561 Q 581 610 580 650 Q 583 669 563 676 Q 526 700 502 692 Q 484 685 498 664 Q 531 615 538 562 Q 538 558 539 552 L 543 519 Q 546 456 564 436 Q 577 424 582 436 Q 586 451 583 533 L 582 561 Z"
        />
      </clippath>
      <clippath
        id="mask-41"
      >
        <path
          d="M 583 533 Q 590 537 601 540 Q 614 543 628 552 Q 634 556 632 563 Q 629 567 618 570 Q 602 567 582 561 L 539 552 Q 494 545 441 532 Q 410 531 393 528 Q 383 528 382 524 Q 381 517 387 509 Q 400 497 425 489 Q 441 482 456 487 Q 498 503 543 519 L 583 533 Z"
        />
      </clippath>
      <clippath
        id="mask-42"
      >
        <path
          d="M 755 595 Q 782 677 815 734 Q 831 750 819 762 Q 806 781 768 800 Q 749 810 730 801 Q 720 794 728 782 Q 740 748 733 709 Q 715 618 668 489 Q 659 464 660 447 Q 663 432 678 441 Q 699 459 742 563 L 755 595 Z"
        />
      </clippath>
      <clippath
        id="mask-43"
      >
        <path
          d="M 742 563 Q 760 560 837 567 Q 885 570 922 566 Q 935 565 940 573 Q 944 583 932 595 Q 890 629 808 606 Q 783 602 755 595 C 726 588 712 566 742 563 Z"
        />
      </clippath>
      <clippath
        id="mask-44"
      >
        <path
          d="M 480 341 Q 470 348 442 353 Q 430 357 427 352 Q 420 348 428 331 Q 458 249 469 119 Q 470 79 489 52 Q 505 30 511 45 Q 514 52 515 62 L 517 96 Q 516 112 514 130 Q 496 263 492 307 C 489 336 489 336 480 341 Z"
        />
      </clippath>
      <clippath
        id="mask-45"
      >
        <path
          d="M 735 84 Q 747 56 775 1 Q 784 -18 795 -16 Q 811 -12 821 15 Q 849 72 852 148 Q 858 194 862 250 Q 868 298 891 327 Q 907 346 896 360 Q 875 382 829 403 Q 810 413 778 403 Q 661 360 480 341 C 450 338 462 302 492 307 Q 495 307 600 328 L 640 336 Q 775 364 791 350 Q 800 346 799 324 Q 800 221 784 121 Q 783 103 775 102 Q 774 101 768 102 C 745 83 732 90 735 84 Z"
        />
      </clippath>
      <clippath
        id="mask-46"
      >
        <path
          d="M 660 211 Q 694 218 726 222 Q 751 226 741 240 Q 729 255 703 259 Q 687 262 661 255 L 612 240 Q 575 228 543 218 Q 525 214 548 199 Q 557 192 575 196 Q 594 200 613 202 L 660 211 Z"
        />
      </clippath>
      <clippath
        id="mask-47"
      >
        <path
          d="M 657 118 Q 658 167 660 211 L 661 255 Q 661 274 663 294 Q 669 315 640 336 C 616 354 592 357 600 328 Q 609 300 612 240 L 613 202 Q 613 165 615 110 C 616 80 656 88 657 118 Z"
        />
      </clippath>
      <clippath
        id="mask-48"
      >
        <path
          d="M 515 62 Q 522 61 531 62 Q 597 75 735 84 C 765 86 781 87 768 102 Q 762 111 742 124 Q 724 134 657 118 L 615 110 Q 563 103 517 96 C 487 92 485 64 515 62 Z"
        />
      </clippath>
    </defs>
    <g
      transform="
    translate(20, 248.515625)
    scale(0.25390625, -0.25390625)
  "
    >
      <g
        style="opacity: 1;"
      >
        <path
          clip-path="url(http://localhost/#mask-1)"
          d="M 489.8 770.1 L 325 760 L 264 705 L 194 655 L 159 634 L 149 634 L 147 627"
          fill="none"
          stroke="rgba(204,204,204,1)"
          stroke-dasharray="391.3770232378079,391.3770232378079"
          stroke-linecap="round"
          stroke-linejoin="miter"
          stroke-width="200"
          style="opacity: 1; stroke-dashoffset: 0;"
        />
        <path
          clip-path="url(http://localhost/#mask-2)"
          d="M 49.8 653.2 L 166 532 L 171 508"
          fill="none"
          stroke="rgba(204,204,204,1)"
          stroke-dasharray="192.41228213133434,192.41228213133434"
          stroke-linecap="round"
          stroke-linejoin="miter"
          stroke-width="200"
          style="opacity: 1; stroke-dashoffset: 0;"
        />
        <path
          clip-path="url(http://localhost/#mask-3)"
          d="M 164.2 710.6 L 268 610 L 283 582"
          fill="none"
          stroke="rgba(204,204,204,1)"
          stroke-dasharray="176.3180991684281,176.3180991684281"
          stroke-linecap="round"
          stroke-linejoin="miter"
          stroke-width="200"
          style="opacity: 1; stroke-dashoffset: 0;"
        />
        <path
          clip-path="url(http://localhost/#mask-4)"
          d="M 544.7 613 L 395 625 L 349 575 L 278 513 L 186 448 L 90 398"
          fill="none"
          stroke="rgba(204,204,204,1)"
          stroke-dasharray="533.2471083131747,533.2471083131747"
          stroke-linecap="round"
          stroke-linejoin="miter"
          stroke-width="200"
          style="opacity: 1; stroke-dashoffset: 0;"
        />
        <path
          clip-path="url(http://localhost/#mask-5)"
          d="M 126.7 462.7 L 243 449 L 271 426 L 320 371 L 355 292 L 362 189 L 341 82 L 330 58 L 308 32 L 302 28 L 287 34 L 203 77"
          fill="none"
          stroke="rgba(204,204,204,1)"
          stroke-dasharray="703.8912918416229,703.8912918416229"
          stroke-linecap="round"
          stroke-linejoin="miter"
          stroke-width="200"
          style="opacity: 1; stroke-dashoffset: 0;"
        />
        <path
          clip-path="url(http://localhost/#mask-6)"
          d="M 221.1 528.7 L 242 399 L 204 352 L 139 295 L 79 259"
          fill="none"
          stroke="rgba(204,204,204,1)"
          stroke-dasharray="348.264411605609,348.264411605609"
          stroke-linecap="round"
          stroke-linejoin="miter"
          stroke-width="200"
          style="opacity: 1; stroke-dashoffset: 0;"
        />
        <path
          clip-path="url(http://localhost/#mask-7)"
          d="M 302.8 458 L 300 303 L 225 205 L 146 134 L 81 96"
          fill="none"
          stroke="rgba(204,204,204,1)"
          stroke-dasharray="459.92444614645564,459.92444614645564"
          stroke-linecap="round"
          stroke-linejoin="miter"
          stroke-width="200"
          style="opacity: 1; stroke-dashoffset: 0;"
        />
        <path
          clip-path="url(http://localhost/#mask-8)"
          d="M 427 737 L 547 647 L 559 584 L 565 478 L 573 439"
          fill="none"
          stroke="rgba(204,204,204,1)"
          stroke-dasharray="360.11440897398063,360.11440897398063"
          stroke-linecap="round"
          stroke-linejoin="miter"
          stroke-width="200"
          style="opacity: 1; stroke-dashoffset: 0;"
        />
        <path
          clip-path="url(http://localhost/#mask-9)"
          d="M 291.6 535.9 L 445 508 L 622 560"
          fill="none"
          stroke="rgba(204,204,204,1)"
          stroke-dasharray="340.38205069474924,340.38205069474924"
          stroke-linecap="round"
          stroke-linejoin="miter"
          stroke-width="200"
          style="opacity: 1; stroke-dashoffset: 0;"
        />
        <path
          clip-path="url(http://localhost/#mask-10)"
          d="M 650.7 843.1 L 754 780 L 776 747 L 718 560 L 670 447"
          fill="none"
          stroke="rgba(204,204,204,1)"
          stroke-dasharray="479.31638463427186,479.31638463427186"
          stroke-linecap="round"
          stroke-linejoin="miter"
          stroke-width="200"
          style="opacity: 1; stroke-dashoffset: 0;"
        />
        <path
          clip-path="url(http://localhost/#mask-11)"
          d="M 655 525.6 L 779 582 L 857 592 L 896 590 L 930 578"
          fill="none"
          stroke="rgba(204,204,204,1)"
          stroke-dasharray="289.99431206030687,289.99431206030687"
          stroke-linecap="round"
          stroke-linejoin="miter"
          stroke-width="200"
          style="opacity: 1; stroke-dashoffset: 0;"
        />
        <path
          clip-path="url(http://localhost/#mask-12)"
          d="M 362.8 413.2 L 459 321 L 466 300 L 501 51"
          fill="none"
          stroke="rgba(204,204,204,1)"
          stroke-dasharray="406.8252916040626,406.8252916040626"
          stroke-linecap="round"
          stroke-linejoin="miter"
          stroke-width="200"
          style="opacity: 1; stroke-dashoffset: 0;"
        />
        <path
          clip-path="url(http://localhost/#mask-13)"
          d="M 409 398 L 505 326 L 584 336 L 609 346 L 651 350 L 780 379 L 809 376 L 835 356 L 844 342 L 814 98 L 793 61 L 794 -1"
          fill="none"
          stroke="rgba(204,204,204,1)"
          stroke-dasharray="829.9557996554846,829.9557996554846"
          stroke-linecap="round"
          stroke-linejoin="miter"
          stroke-width="200"
          style="opacity: 1; stroke-dashoffset: 0;"
        />
        <path
          clip-path="url(http://localhost/#mask-14)"
          d="M 447.2 187.2 L 686 238 L 731 233"
          fill="none"
          stroke="rgba(204,204,204,1)"
          stroke-dasharray="289.43309101149464,289.43309101149464"
          stroke-linecap="round"
          stroke-linejoin="miter"
          stroke-width="200"
          style="opacity: 1; stroke-dashoffset: 0;"
        />
        <path
          clip-path="url(http://localhost/#mask-15)"
          d="M 533.3 391.4 L 635 301 L 636 143 L 621 119"
          fill="none"
          stroke="rgba(204,204,204,1)"
          stroke-dasharray="322.42989165781813,322.42989165781813"
          stroke-linecap="round"
          stroke-linejoin="miter"
          stroke-width="200"
          style="opacity: 1; stroke-dashoffset: 0;"
        />
        <path
          clip-path="url(http://localhost/#mask-16)"
          d="M 437.6 8.9 L 540 82 L 691 104 L 761 102"
          fill="none"
          stroke="rgba(204,204,204,1)"
          stroke-dasharray="348.4297745818551,348.4297745818551"
          stroke-linecap="round"
          stroke-linejoin="miter"
          stroke-width="200"
          style="opacity: 1; stroke-dashoffset: 0;"
        />
      </g>
      <g
        style="opacity: 1;"
      >
        <path
          clip-path="url(http://localhost/#mask-17)"
          d="M 489.8 770.1 L 325 760 L 264 705 L 194 655 L 159 634 L 149 634 L 147 627"
          fill="none"
          stroke="rgba(85,85,85,1)"
          stroke-dasharray="391.3770232378079,391.3770232378079"
          stroke-linecap="round"
          stroke-linejoin="miter"
          stroke-width="200"
          style="opacity: 1; stroke-dashoffset: 0;"
        />
        <path
          clip-path="url(http://localhost/#mask-18)"
          d="M 49.8 653.2 L 166 532 L 171 508"
          fill="none"
          stroke="rgba(85,85,85,1)"
          stroke-dasharray="192.41228213133434,192.41228213133434"
          stroke-linecap="round"
          stroke-linejoin="miter"
          stroke-width="200"
          style="opacity: 1; stroke-dashoffset: 0;"
        />
        <path
          clip-path="url(http://localhost/#mask-19)"
          d="M 164.2 710.6 L 268 610 L 283 582"
          fill="none"
          stroke="rgba(85,85,85,1)"
          stroke-dasharray="176.3180991684281,176.3180991684281"
          stroke-linecap="round"
          stroke-linejoin="miter"
          stroke-width="200"
          style="opacity: 1; stroke-dashoffset: 0;"
        />
        <path
          clip-path="url(http://localhost/#mask-20)"
          d="M 544.7 613 L 395 625 L 349 575 L 278 513 L 186 448 L 90 398"
          fill="none"
          stroke="rgba(85,85,85,1)"
          stroke-dasharray="533.2471083131747,533.2471083131747"
          stroke-linecap="round"
          stroke-linejoin="miter"
          stroke-width="200"
          style="opacity: 1; stroke-dashoffset: 0;"
        />
        <path
          clip-path="url(http://localhost/#mask-21)"
          d="M 126.7 462.7 L 243 449 L 271 426 L 320 371 L 355 292 L 362 189 L 341 82 L 330 58 L 308 32 L 302 28 L 287 34 L 203 77"
          fill="none"
          stroke="rgba(85,85,85,1)"
          stroke-dasharray="703.8912918416229,703.8912918416229"
          stroke-linecap="round"
          stroke-linejoin="miter"
          stroke-width="200"
          style="opacity: 1; stroke-dashoffset: 0;"
        />
        <path
          clip-path="url(http://localhost/#mask-22)"
          d="M 221.1 528.7 L 242 399 L 204 352 L 139 295 L 79 259"
          fill="none"
          stroke="rgba(85,85,85,1)"
          stroke-dasharray="348.264411605609,348.264411605609"
          stroke-linecap="round"
          stroke-linejoin="miter"
          stroke-width="200"
          style="opacity: 1; stroke-dashoffset: 0;"
        />
        <path
          clip-path="url(http://localhost/#mask-23)"
          d="M 302.8 458 L 300 303 L 225 205 L 146 134 L 81 96"
          fill="none"
          stroke="rgba(85,85,85,1)"
          stroke-dasharray="459.92444614645564,459.92444614645564"
          stroke-linecap="round"
          stroke-linejoin="miter"
          stroke-width="200"
          style="opacity: 1; stroke-dashoffset: 0;"
        />
        <path
          clip-path="url(http://localhost/#mask-24)"
          d="M 427 737 L 547 647 L 559 584 L 565 478 L 573 439"
          fill="none"
          stroke="rgba(85,85,85,1)"
          stroke-dasharray="360.11440897398063,360.11440897398063"
          stroke-linecap="round"
          stroke-linejoin="miter"
          stroke-width="200"
          style="opacity: 1; stroke-dashoffset: 0;"
        />
        <path
          clip-path="url(http://localhost/#mask-25)"
          d="M 291.6 535.9 L 445 508 L 622 560"
          fill="none"
          stroke="rgba(85,85,85,1)"
          stroke-dasharray="340.38205069474924,340.38205069474924"
          stroke-linecap="round"
          stroke-linejoin="miter"
          stroke-width="200"
          style="opacity: 1; stroke-dashoffset: 0;"
        />
        <path
          clip-path="url(http://localhost/#mask-26)"
          d="M 650.7 843.1 L 754 780 L 776 747 L 718 560 L 670 447"
          fill="none"
          stroke="rgba(85,85,85,1)"
          stroke-dasharray="479.31638463427186,479.31638463427186"
          stroke-linecap="round"
          stroke-linejoin="miter"
          stroke-width="200"
          style="opacity: 1; stroke-dashoffset: 0;"
        />
        <path
          clip-path="url(http://localhost/#mask-27)"
          d="M 655 525.6 L 779 582 L 857 592 L 896 590 L 930 578"
          fill="none"
          stroke="rgba(85,85,85,1)"
          stroke-dasharray="289.99431206030687,289.99431206030687"
          stroke-linecap="round"
          stroke-linejoin="miter"
          stroke-width="200"
          style="opacity: 1; stroke-dashoffset: 0;"
        />
        <path
          clip-path="url(http://localhost/#mask-28)"
          d="M 362.8 413.2 L 459 321 L 466 300 L 501 51"
          fill="none"
          stroke="rgba(85,85,85,1)"
          stroke-dasharray="406.8252916040626,406.8252916040626"
          stroke-linecap="round"
          stroke-linejoin="miter"
          stroke-width="200"
          style="opacity: 1; stroke-dashoffset: 0;"
        />
        <path
          clip-path="url(http://localhost/#mask-29)"
          d="M 409 398 L 505 326 L 584 336 L 609 346 L 651 350 L 780 379 L 809 376 L 835 356 L 844 342 L 814 98 L 793 61 L 794 -1"
          fill="none"
          stroke="rgba(85,85,85,1)"
          stroke-dasharray="829.9557996554846,829.9557996554846"
          stroke-linecap="round"
          stroke-linejoin="miter"
          stroke-width="200"
          style="opacity: 1; stroke-dashoffset: 0;"
        />
        <path
          clip-path="url(http://localhost/#mask-30)"
          d="M 447.2 187.2 L 686 238 L 731 233"
          fill="none"
          stroke="rgba(85,85,85,1)"
          stroke-dasharray="289.43309101149464,289.43309101149464"
          stroke-linecap="round"
          stroke-linejoin="miter"
          stroke-width="200"
          style="opacity: 1; stroke-dashoffset: 0;"
        />
        <path
          clip-path="url(http://localhost/#mask-31)"
          d="M 533.3 391.4 L 635 301 L 636 143 L 621 119"
          fill="none"
          stroke="rgba(85,85,85,1)"
          stroke-dasharray="322.42989165781813,322.42989165781813"
          stroke-linecap="round"
          stroke-linejoin="miter"
          stroke-width="200"
          style="opacity: 1; stroke-dashoffset: 0;"
        />
        <path
          clip-path="url(http://localhost/#mask-32)"
          d="M 437.6 8.9 L 540 82 L 691 104 L 761 102"
          fill="none"
          stroke="rgba(85,85,85,1)"
          stroke-dasharray="348.4297745818551,348.4297745818551"
          stroke-linecap="round"
          stroke-linejoin="miter"
          stroke-width="200"
          style="opacity: 1; stroke-dashoffset: 0;"
        />
      </g>
      <g
        style="opacity: 1;"
      >
        <path
          clip-path="url(http://localhost/#mask-33)"
          d="M 489.8 770.1 L 325 760 L 264 705 L 194 655 L 159 634 L 149 634 L 147 627"
          fill="none"
          stroke="rgba(170,170,255,1)"
          stroke-dasharray="391.3770232378079,391.3770232378079"
          stroke-linecap="round"
          stroke-linejoin="miter"
          stroke-width="200"
          style="opacity: 0; stroke-dashoffset: 0;"
        />
        <path
          clip-path="url(http://localhost/#mask-34)"
          d="M 49.8 653.2 L 166 532 L 171 508"
          fill="none"
          stroke="rgba(170,170,255,1)"
          stroke-dasharray="192.41228213133434,192.41228213133434"
          stroke-linecap="round"
          stroke-linejoin="miter"
          stroke-width="200"
          style="opacity: 0; stroke-dashoffset: 0;"
        />
        <path
          clip-path="url(http://localhost/#mask-35)"
          d="M 164.2 710.6 L 268 610 L 283 582"
          fill="none"
          stroke="rgba(170,170,255,1)"
          stroke-dasharray="176.3180991684281,176.3180991684281"
          stroke-linecap="round"
          stroke-linejoin="miter"
          stroke-width="200"
          style="opacity: 0; stroke-dashoffset: 0;"
        />
        <path
          clip-path="url(http://localhost/#mask-36)"
          d="M 544.7 613 L 395 625 L 349 575 L 278 513 L 186 448 L 90 398"
          fill="none"
          stroke="rgba(170,170,255,1)"
          stroke-dasharray="533.2471083131747,533.2471083131747"
          stroke-linecap="round"
          stroke-linejoin="miter"
          stroke-width="200"
          style="opacity: 0; stroke-dashoffset: 0;"
        />
        <path
          clip-path="url(http://localhost/#mask-37)"
          d="M 126.7 462.7 L 243 449 L 271 426 L 320 371 L 355 292 L 362 189 L 341 82 L 330 58 L 308 32 L 302 28 L 287 34 L 203 77"
          fill="none"
          stroke="rgba(170,170,255,1)"
          stroke-dasharray="703.8912918416229,703.8912918416229"
          stroke-linecap="round"
          stroke-linejoin="miter"
          stroke-width="200"
          style="opacity: 0; stroke-dashoffset: 0;"
        />
        <path
          clip-path="url(http://localhost/#mask-38)"
          d="M 221.1 528.7 L 242 399 L 204 352 L 139 295 L 79 259"
          fill="none"
          stroke="rgba(170,170,255,1)"
          stroke-dasharray="348.264411605609,348.264411605609"
          stroke-linecap="round"
          stroke-linejoin="miter"
          stroke-width="200"
          style="opacity: 0; stroke-dashoffset: 0;"
        />
        <path
          clip-path="url(http://localhost/#mask-39)"
          d="M 302.8 458 L 300 303 L 225 205 L 146 134 L 81 96"
          fill="none"
          stroke="rgba(170,170,255,1)"
          stroke-dasharray="459.92444614645564,459.92444614645564"
          stroke-linecap="round"
          stroke-linejoin="miter"
          stroke-width="200"
          style="opacity: 0; stroke-dashoffset: 0;"
        />
        <path
          clip-path="url(http://localhost/#mask-40)"
          d="M 427 737 L 547 647 L 559 584 L 565 478 L 573 439"
          fill="none"
          stroke="rgba(170,170,255,1)"
          stroke-dasharray="360.11440897398063,360.11440897398063"
          stroke-linecap="round"
          stroke-linejoin="miter"
          stroke-width="200"
          style="opacity: 0; stroke-dashoffset: 0;"
        />
        <path
          clip-path="url(http://localhost/#mask-41)"
          d="M 291.6 535.9 L 445 508 L 622 560"
          fill="none"
          stroke="rgba(170,170,255,1)"
          stroke-dasharray="340.38205069474924,340.38205069474924"
          stroke-linecap="round"
          stroke-linejoin="miter"
          stroke-width="200"
          style="opacity: 0; stroke-dashoffset: 0;"
        />
        <path
          clip-path="url(http://localhost/#mask-42)"
          d="M 650.7 843.1 L 754 780 L 776 747 L 718 560 L 670 447"
          fill="none"
          stroke="rgba(170,170,255,1)"
          stroke-dasharray="479.31638463427186,479.31638463427186"
          stroke-linecap="round"
          stroke-linejoin="miter"
          stroke-width="200"
          style="opacity: 0; stroke-dashoffset: 0;"
        />
        <path
          clip-path="url(http://localhost/#mask-43)"
          d="M 655 525.6 L 779 582 L 857 592 L 896 590 L 930 578"
          fill="none"
          stroke="rgba(170,170,255,1)"
          stroke-dasharray="289.99431206030687,289.99431206030687"
          stroke-linecap="round"
          stroke-linejoin="miter"
          stroke-width="200"
          style="opacity: 0; stroke-dashoffset: 0;"
        />
        <path
          clip-path="url(http://localhost/#mask-44)"
          d="M 362.8 413.2 L 459 321 L 466 300 L 501 51"
          fill="none"
          stroke="rgba(170,170,255,1)"
          stroke-dasharray="406.8252916040626,406.8252916040626"
          stroke-linecap="round"
          stroke-linejoin="miter"
          stroke-width="200"
          style="opacity: 0; stroke-dashoffset: 0;"
        />
        <path
          clip-path="url(http://localhost/#mask-45)"
          d="M 409 398 L 505 326 L 584 336 L 609 346 L 651 350 L 780 379 L 809 376 L 835 356 L 844 342 L 814 98 L 793 61 L 794 -1"
          fill="none"
          stroke="rgba(170,170,255,1)"
          stroke-dasharray="829.9557996554846,829.9557996554846"
          stroke-linecap="round"
          stroke-linejoin="miter"
          stroke-width="200"
          style="opacity: 0; stroke-dashoffset: 0;"
        />
        <path
          clip-path="url(http://localhost/#mask-46)"
          d="M 447.2 187.2 L 686 238 L 731 233"
          fill="none"
          stroke="rgba(170,170,255,1)"
          stroke-dasharray="289.43309101149464,289.43309101149464"
          stroke-linecap="round"
          stroke-linejoin="miter"
          stroke-width="200"
          style="opacity: 0; stroke-dashoffset: 0;"
        />
        <path
          clip-path="url(http://localhost/#mask-47)"
          d="M 533.3 391.4 L 635 301 L 636 143 L 621 119"
          fill="none"
          stroke="rgba(170,170,255,1)"
          stroke-dasharray="322.42989165781813,322.42989165781813"
          stroke-linecap="round"
          stroke-linejoin="miter"
          stroke-width="200"
          style="opacity: 0; stroke-dashoffset: 0;"
        />
        <path
          clip-path="url(http://localhost/#mask-48)"
          d="M 437.6 8.9 L 540 82 L 691 104 L 761 102"
          fill="none"
          stroke="rgba(170,170,255,1)"
          stroke-dasharray="348.4297745818551,348.4297745818551"
          stroke-linecap="round"
          stroke-linejoin="miter"
          stroke-width="200"
          style="opacity: 0; stroke-dashoffset: 0;"
        />
      </g>
    </g>
  </svg>
</DocumentFragment>
`;
